2026-04-02T12:21:09.075+05:30  INFO 20156 --- [ecommerce] [main] ecommerce.EcommerceApplication           : Starting EcommerceApplication using Java 17.0.12 with PID 20156 (C:\Users\Admin\Documents\GitHub\Eccomerse_Backend\target\classes started by Admin in C:\Users\Admin\Documents\GitHub\Eccomerse_Backend)
2026-04-02T12:21:09.131+05:30  INFO 20156 --- [ecommerce] [main] ecommerce.EcommerceApplication           : No active profile set, falling back to 1 default profile: "default"
2026-04-02T12:21:12.744+05:30  INFO 20156 --- [ecommerce] [main] .s.d.r.c.RepositoryConfigurationDelegate : Multiple Spring Data modules found, entering strict repository configuration mode
2026-04-02T12:21:12.754+05:30  INFO 20156 --- [ecommerce] [main] .s.d.r.c.RepositoryConfigurationDelegate : Bootstrapping Spring Data JPA repositories in DEFAULT mode.
2026-04-02T12:21:14.130+05:30  INFO 20156 --- [ecommerce] [main] .s.d.r.c.RepositoryConfigurationDelegate : Finished Spring Data repository scanning in 1332 ms. Found 7 JPA repository interfaces.
2026-04-02T12:21:14.218+05:30  INFO 20156 --- [ecommerce] [main] .s.d.r.c.RepositoryConfigurationDelegate : Multiple Spring Data modules found, entering strict repository configuration mode
2026-04-02T12:21:14.221+05:30  INFO 20156 --- [ecommerce] [main] .s.d.r.c.RepositoryConfigurationDelegate : Bootstrapping Spring Data Redis repositories in DEFAULT mode.
2026-04-02T12:21:14.658+05:30  INFO 20156 --- [ecommerce] [main] .RepositoryConfigurationExtensionSupport : Spring Data Redis - Could not safely identify store assignment for repository candidate interface ecommerce.repo.AddressRepository; If you want this repository to be a Redis repository, consider annotating your entities with one of these annotations: org.springframework.data.redis.core.RedisHash (preferred), or consider extending one of the following types with your repository: org.springframework.data.keyvalue.repository.KeyValueRepository
2026-04-02T12:21:14.661+05:30  INFO 20156 --- [ecommerce] [main] .RepositoryConfigurationExtensionSupport : Spring Data Redis - Could not safely identify store assignment for repository candidate interface ecommerce.repo.CartItemRepository; If you want this repository to be a Redis repository, consider annotating your entities with one of these annotations: org.springframework.data.redis.core.RedisHash (preferred), or consider extending one of the following types with your repository: org.springframework.data.keyvalue.repository.KeyValueRepository
2026-04-02T12:21:14.663+05:30  INFO 20156 --- [ecommerce] [main] .RepositoryConfigurationExtensionSupport : Spring Data Redis - Could not safely identify store assignment for repository candidate interface ecommerce.repo.CartRepository; If you want this repository to be a Redis repository, consider annotating your entities with one of these annotations: org.springframework.data.redis.core.RedisHash (preferred), or consider extending one of the following types with your repository: org.springframework.data.keyvalue.repository.KeyValueRepository
2026-04-02T12:21:14.669+05:30  INFO 20156 --- [ecommerce] [main] .RepositoryConfigurationExtensionSupport : Spring Data Redis - Could not safely identify store assignment for repository candidate interface ecommerce.repo.OrderRepository; If you want this repository to be a Redis repository, consider annotating your entities with one of these annotations: org.springframework.data.redis.core.RedisHash (preferred), or consider extending one of the following types with your repository: org.springframework.data.keyvalue.repository.KeyValueRepository
2026-04-02T12:21:14.673+05:30  INFO 20156 --- [ecommerce] [main] .RepositoryConfigurationExtensionSupport : Spring Data Redis - Could not safely identify store assignment for repository candidate interface ecommerce.repo.PasswordResetTokenRepository; If you want this repository to be a Redis repository, consider annotating your entities with one of these annotations: org.springframework.data.redis.core.RedisHash (preferred), or consider extending one of the following types with your repository: org.springframework.data.keyvalue.repository.KeyValueRepository
2026-04-02T12:21:14.673+05:30  INFO 20156 --- [ecommerce] [main] .RepositoryConfigurationExtensionSupport : Spring Data Redis - Could not safely identify store assignment for repository candidate interface ecommerce.repo.ProductRepository; If you want this repository to be a Redis repository, consider annotating your entities with one of these annotations: org.springframework.data.redis.core.RedisHash (preferred), or consider extending one of the following types with your repository: org.springframework.data.keyvalue.repository.KeyValueRepository
2026-04-02T12:21:14.674+05:30  INFO 20156 --- [ecommerce] [main] .RepositoryConfigurationExtensionSupport : Spring Data Redis - Could not safely identify store assignment for repository candidate interface ecommerce.repo.UserRepository; If you want this repository to be a Redis repository, consider annotating your entities with one of these annotations: org.springframework.data.redis.core.RedisHash (preferred), or consider extending one of the following types with your repository: org.springframework.data.keyvalue.repository.KeyValueRepository
2026-04-02T12:21:14.915+05:30  INFO 20156 --- [ecommerce] [main] .s.d.r.c.RepositoryConfigurationDelegate : Finished Spring Data repository scanning in 293 ms. Found 0 Redis repository interfaces.
2026-04-02T12:21:19.827+05:30  INFO 20156 --- [ecommerce] [main] o.s.b.w.embedded.tomcat.TomcatWebServer  : Tomcat initialized with port 8081 (http)
2026-04-02T12:21:19.903+05:30  INFO 20156 --- [ecommerce] [main] o.apache.catalina.core.StandardService   : Starting service [Tomcat]
2026-04-02T12:21:19.904+05:30  INFO 20156 --- [ecommerce] [main] o.apache.catalina.core.StandardEngine    : Starting Servlet engine: [Apache Tomcat/10.1.31]
2026-04-02T12:21:20.521+05:30  INFO 20156 --- [ecommerce] [main] o.a.c.c.C.[Tomcat].[localhost].[/]       : Initializing Spring embedded WebApplicationContext
2026-04-02T12:21:20.522+05:30  INFO 20156 --- [ecommerce] [main] w.s.c.ServletWebServerApplicationContext : Root WebApplicationContext: initialization completed in 11124 ms
2026-04-02T12:21:22.642+05:30  INFO 20156 --- [ecommerce] [main] o.hibernate.jpa.internal.util.LogHelper  : HHH000204: Processing PersistenceUnitInfo [name: default]
2026-04-02T12:21:23.099+05:30  INFO 20156 --- [ecommerce] [main] org.hibernate.Version                    : HHH000412: Hibernate ORM core version 6.5.3.Final
2026-04-02T12:21:23.258+05:30  INFO 20156 --- [ecommerce] [main] o.h.c.internal.RegionFactoryInitiator    : HHH000026: Second-level cache disabled
2026-04-02T12:21:24.952+05:30  INFO 20156 --- [ecommerce] [main] o.s.o.j.p.SpringPersistenceUnitInfo      : No LoadTimeWeaver setup: ignoring JPA class transformer
2026-04-02T12:21:25.156+05:30  INFO 20156 --- [ecommerce] [main] com.zaxxer.hikari.HikariDataSource       : HikariPool-1 - Starting...
2026-04-02T12:21:26.993+05:30  INFO 20156 --- [ecommerce] [main] com.zaxxer.hikari.pool.HikariPool        : HikariPool-1 - Added connection com.mysql.cj.jdbc.ConnectionImpl@e2f6e13
2026-04-02T12:21:26.997+05:30  INFO 20156 --- [ecommerce] [main] com.zaxxer.hikari.HikariDataSource       : HikariPool-1 - Start completed.
2026-04-02T12:21:27.193+05:30  WARN 20156 --- [ecommerce] [main] org.hibernate.orm.deprecation            : HHH90000025: MySQL8Dialect does not need to be specified explicitly using 'hibernate.dialect' (remove the property setting and it will be selected by default)
2026-04-02T12:21:27.195+05:30  WARN 20156 --- [ecommerce] [main] org.hibernate.orm.deprecation            : HHH90000026: MySQL8Dialect has been deprecated; use org.hibernate.dialect.MySQLDialect instead
2026-04-02T12:21:34.466+05:30  INFO 20156 --- [ecommerce] [main] o.h.e.t.j.p.i.JtaPlatformInitiator       : HHH000489: No JTA platform available (set 'hibernate.transaction.jta.platform' to enable JTA platform integration)
2026-04-02T12:21:39.705+05:30  INFO 20156 --- [ecommerce] [main] j.LocalContainerEntityManagerFactoryBean : Initialized JPA EntityManagerFactory for persistence unit 'default'
2026-04-02T12:21:42.280+05:30  INFO 20156 --- [ecommerce] [main] r$InitializeUserDetailsManagerConfigurer : Global AuthenticationManager configured with UserDetailsService bean with name customUserDetailsService
2026-04-02T12:21:42.689+05:30  INFO 20156 --- [ecommerce] [main] o.s.d.j.r.query.QueryEnhancerFactory     : Hibernate is in classpath; If applicable, HQL parser will be used.
2026-04-02T12:21:51.907+05:30  WARN 20156 --- [ecommerce] [main] JpaBaseConfiguration$JpaWebConfiguration : spring.jpa.open-in-view is enabled by default. Therefore, database queries may be performed during view rendering. Explicitly configure spring.jpa.open-in-view to disable this warning
2026-04-02T12:21:52.515+05:30 DEBUG 20156 --- [ecommerce] [main] s.w.s.m.m.a.RequestMappingHandlerMapping : 43 mappings in 'requestMappingHandlerMapping'
2026-04-02T12:21:52.825+05:30 DEBUG 20156 --- [ecommerce] [main] o.s.w.s.handler.SimpleUrlHandlerMapping  : Patterns [/webjars/**, /**, /images/**, /swagger-ui*/*swagger-initializer.js, /swagger-ui*/**] in 'resourceHandlerMapping'
2026-04-02T12:21:52.968+05:30 DEBUG 20156 --- [ecommerce] [main] o.s.s.web.DefaultSecurityFilterChain     : Will secure any request with filters: DisableEncodeUrlFilter, WebAsyncManagerIntegrationFilter, SecurityContextHolderFilter, HeaderWriterFilter, CorsFilter, LogoutFilter, JwtAuthFilter, RequestCacheAwareFilter, SecurityContextHolderAwareRequestFilter, AnonymousAuthenticationFilter, SessionManagementFilter, ExceptionTranslationFilter, AuthorizationFilter
2026-04-02T12:21:53.304+05:30 DEBUG 20156 --- [ecommerce] [main] s.w.s.m.m.a.RequestMappingHandlerAdapter : ControllerAdvice beans: 0 @ModelAttribute, 0 @InitBinder, 1 RequestBodyAdvice, 1 ResponseBodyAdvice
2026-04-02T12:21:53.404+05:30 DEBUG 20156 --- [ecommerce] [main] .m.m.a.ExceptionHandlerExceptionResolver : ControllerAdvice beans: 2 @ExceptionHandler, 1 ResponseBodyAdvice
2026-04-02T12:21:54.566+05:30  INFO 20156 --- [ecommerce] [main] o.s.b.w.embedded.tomcat.TomcatWebServer  : Tomcat started on port 8081 (http) with context path '/'
2026-04-02T12:21:54.605+05:30  INFO 20156 --- [ecommerce] [main] ecommerce.EcommerceApplication           : Started EcommerceApplication in 47.383 seconds (process running for 49.415)
2026-04-02T13:13:23.603+05:30  INFO 20156 --- [ecommerce] [SpringApplicationShutdownHook] j.LocalContainerEntityManagerFactoryBean : Closing JPA EntityManagerFactory for persistence unit 'default'
2026-04-02T13:13:23.855+05:30  INFO 20156 --- [ecommerce] [SpringApplicationShutdownHook] com.zaxxer.hikari.HikariDataSource       : HikariPool-1 - Shutdown initiated...
2026-04-02T13:13:24.084+05:30  INFO 20156 --- [ecommerce] [SpringApplicationShutdownHook] com.zaxxer.hikari.HikariDataSource       : HikariPool-1 - Shutdown completed.
